assetReferences:
  inputs:
    directories: []
    filenames:
    - LightweightWith Spaces.vpb
  outputs:
    directories: []
  referencedPaths: []
