assetReferences:
  inputs:
    directories: []
    filenames:
    - Cone.vpb
  outputs:
    directories: []
  referencedPaths: []
