parameterValues:
- name: description
  value: ''
- name: input_filenames
  value: []
- name: input_directories
  value: []
- name: JobScriptDir
  value: scripts
- name: name
  value: LightweightWithoutSpaces
- name: output_directories
  value:
  - c:\vred-output
- name: submitter_name
  value: VRED
- name: AnimationClip
  value: ''
- name: AnimationType
  value: Clip
- name: DLSSQuality
  value: 'Off'
- name: DPI
  value: 72
- name: EndFrame
  value: 100
- name: FrameStep
  value: 1
- name: FramesPerTask
  value: 1
- name: GPURaytracing
  value: 'false'
- name: ImageHeight
  value: 1080
- name: ImageWidth
  value: 1920
- name: IncludeAlphaChannel
  value: 'false'
- name: JobType
  value: Render
- name: NumXTiles
  value: 7
- name: NumYTiles
  value: 5
- name: OutputDir
  value: ""
- name: OutputFileNamePrefix
  value: image
- name: OutputFormat
  value: JPG
- name: OverrideRenderPass
  value: 'false'
- name: PremultiplyAlpha
  value: 'false'
- name: RegionRendering
  value: 'true'
- name: RenderAnimation
  value: 'true'
- name: RenderQuality
  value: Realistic High
- name: SSQuality
  value: 'Off'
- name: SceneFile
  value: Cone.vpb
- name: SequenceName
  value: ''
- name: StartFrame
  value: -3
- name: TonemapHDR
  value: 'false'
- name: View
  value: Front
- name: deadline:targetTaskRunStatus
  value: READY
- name: deadline:maxFailedTasksCount
  value: 20
- name: deadline:maxRetriesPerTask
  value: 5
- name: deadline:priority
  value: 50
